{"level":"info","time":"2026-09-24T14:09:09Z","message":"Thank you for trying Cloudflare Tunnel. Doing so, without a Cloudflare account, is a quick way to experiment and try it out. However, be aware that these account-less Tunnels have no uptime guarantee, are subject to the Cloudflare Online Services Terms of Use (https://www.cloudflare.com/website-terms/), and Cloudflare reserves the right to investigate your use of Tunnels for violations of such terms. If you intend to use Tunnels in production you should use a pre-created named tunnel by following: https://developers.cloudflare.com/cloudflare-one/connections/connect-apps"}
{"level":"info","time":"2026-09-24T14:09:09Z","message":"Requesting new quick Tunnel on trycloudflare.com..."}
{"level":"info","time":"2026-09-24T14:09:17Z","message":"+--------------------------------------------------------------------------------------------+"}
{"level":"info","time":"2026-09-24T14:09:17Z","message":"|  Your quick Tunnel has been created! Visit it at (it may take some time to be reachable):  |"}
{"level":"info","time":"2026-09-24T14:09:17Z","message":"|  https://answer-cnet-valley-martin.trycloudflare.com                                       |"}
{"level":"info","time":"2026-09-24T14:09:17Z","message":"+--------------------------------------------------------------------------------------------+"}
{"level":"info","time":"2026-09-24T14:09:17Z","message":"Cannot determine default configuration path. No file [config.yml config.yaml] in [~/.cloudflared ~/.cloudflare-warp ~/cloudflare-warp]"}
{"level":"info","time":"2026-09-24T14:09:17Z","message":"Version 2026.9.1 (Checksum 2837888cc0f5d58f15b6dc478376de90b4d3ba5241c7947455d1e0a0df429712)"}
{"level":"info","time":"2026-09-24T14:09:17Z","message":"GOOS: windows, GOVersion: go1.26.8, GoArch: amd64"}
{"level":"info","time":"2026-09-24T14:09:17Z","message":"Settings: map[ha-connections:1 logfile:tunnel.log protocol:quic url:http://localhost:3000]"}
{"level":"info","time":"2026-09-24T14:09:17Z","message":"cloudflared will not automatically update on Windows systems."}
{"level":"info","time":"2026-09-24T14:09:17Z","message":"Generated Connector ID: 0810ecbe-54c7-4e5f-98b3-eb1b2b79f61e"}
{"level":"info","time":"2026-09-24T14:09:17Z","message":"Initial protocol quic"}
{"level":"info","time":"2026-09-24T14:09:17Z","message":"ICMP proxy will use 192.168.1.13 as source for IPv4"}
{"level":"info","time":"2026-09-24T14:09:17Z","message":"ICMP proxy will use fe80::4c28:d242:2ac0:8634 in zone Wi-Fi as source for IPv6"}
{"level":"info","time":"2026-09-24T14:09:17Z","message":"cloudflared does not support loading the system root certificate pool on Windows. Please use --origin-ca-pool <PATH> to specify the path to the certificate pool"}
{"level":"info","time":"2026-09-24T14:09:17Z","message":"ICMP proxy will use 192.168.1.13 as source for IPv4"}
{"level":"info","event":0,"ip":"198.41.200.63","connIndex":0,"time":"2026-09-24T14:09:17Z","message":"Tunnel connection curve preferences: [X25519MLKEM768 CurveID(65074) CurveP256]"}
{"level":"info","time":"2026-09-24T14:09:17Z","message":"ICMP proxy will use fe80::4c28:d242:2ac0:8634 in zone Wi-Fi as source for IPv6"}
{"level":"info","time":"2026-09-24T14:09:17Z","message":"Starting metrics server on 127.0.0.1:20241/metrics"}
{"level":"info","time":"2026-09-24T14:09:17Z","message":"+-------------------------------------------------------------------------------------+"}
{"level":"info","time":"2026-09-24T14:09:17Z","message":"|                               CONNECTIVITY PRE-CHECKS                               |"}
{"level":"info","time":"2026-09-24T14:09:17Z","message":"+-------------------------------------------------------------------------------------+"}
{"level":"info","time":"2026-09-24T14:09:17Z","message":"|  COMPONENT         TARGET                     STATUS  DETAILS                       |"}
{"level":"info","time":"2026-09-24T14:09:17Z","message":"|  DNS Resolution    region1.v2.argotunnel.com  PASS    DNS Resolved successfully     |"}
{"level":"info","time":"2026-09-24T14:09:17Z","message":"|  DNS Resolution    region2.v2.argotunnel.com  PASS    DNS Resolved successfully     |"}
{"level":"info","time":"2026-09-24T14:09:17Z","message":"|  UDP Connectivity  region1.v2.argotunnel.com  PASS    QUIC connection successful    |"}
{"level":"info","time":"2026-09-24T14:09:17Z","message":"|  UDP Connectivity  region2.v2.argotunnel.com  PASS    QUIC connection successful    |"}
{"level":"info","time":"2026-09-24T14:09:17Z","message":"|  TCP Connectivity  region1.v2.argotunnel.com  PASS    HTTP/2 connection successful  |"}
{"level":"info","time":"2026-09-24T14:09:17Z","message":"|  TCP Connectivity  region2.v2.argotunnel.com  PASS    HTTP/2 connection successful  |"}
{"level":"info","time":"2026-09-24T14:09:17Z","message":"|  Cloudflare API    api.cloudflare.com:443     PASS    API is reachable              |"}
{"level":"info","time":"2026-09-24T14:09:17Z","message":"|                                                                                     |"}
{"level":"info","time":"2026-09-24T14:09:17Z","message":"|  SUMMARY: Environment is healthy. cloudflared will use 'quic' as primary protocol.  |"}
{"level":"info","time":"2026-09-24T14:09:17Z","message":"+-------------------------------------------------------------------------------------+"}
{"level":"info","run_id":"f2026ea8-2f1a-43d1-bf7d-835ab1fa2ddc","component":"DNS Resolution","target":"region1.v2.argotunnel.com","status":"pass","details":"DNS Resolved successfully","time":"2026-09-24T14:09:17Z","message":"precheck"}
{"level":"info","run_id":"f2026ea8-2f1a-43d1-bf7d-835ab1fa2ddc","component":"DNS Resolution","target":"region2.v2.argotunnel.com","status":"pass","details":"DNS Resolved successfully","time":"2026-09-24T14:09:17Z","message":"precheck"}
{"level":"info","run_id":"f2026ea8-2f1a-43d1-bf7d-835ab1fa2ddc","component":"UDP Connectivity","target":"region1.v2.argotunnel.com","status":"pass","details":"QUIC connection successful","time":"2026-09-24T14:09:17Z","message":"precheck"}
{"level":"info","run_id":"f2026ea8-2f1a-43d1-bf7d-835ab1fa2ddc","component":"UDP Connectivity","target":"region2.v2.argotunnel.com","status":"pass","details":"QUIC connection successful","time":"2026-09-24T14:09:17Z","message":"precheck"}
{"level":"info","run_id":"f2026ea8-2f1a-43d1-bf7d-835ab1fa2ddc","component":"TCP Connectivity","target":"region1.v2.argotunnel.com","status":"pass","details":"HTTP/2 connection successful","time":"2026-09-24T14:09:17Z","message":"precheck"}
{"level":"info","run_id":"f2026ea8-2f1a-43d1-bf7d-835ab1fa2ddc","component":"TCP Connectivity","target":"region2.v2.argotunnel.com","status":"pass","details":"HTTP/2 connection successful","time":"2026-09-24T14:09:17Z","message":"precheck"}
{"level":"info","run_id":"f2026ea8-2f1a-43d1-bf7d-835ab1fa2ddc","component":"Cloudflare API","target":"api.cloudflare.com:443","status":"pass","details":"API is reachable","time":"2026-09-24T14:09:17Z","message":"precheck"}
{"level":"info","run_id":"f2026ea8-2f1a-43d1-bf7d-835ab1fa2ddc","hard_fail":false,"suggested_protocol":"quic","time":"2026-09-24T14:09:17Z","message":"precheck complete"}
{"level":"info","event":0,"connection":"3c400376-5b78-4940-82ca-46d11990f2aa","connIndex":0,"location":"mrs06","ip":"198.41.200.63","protocol":"quic","time":"2026-09-24T14:09:18Z","message":"Registered tunnel connection"}
{"level":"error","event":1,"connIndex":0,"originService":"http://localhost:3000","ingressRule":0,"error":"Incoming request ended abruptly: context canceled","time":"2026-09-24T14:31:42Z"}
{"level":"error","event":0,"ip":"198.41.200.63","connIndex":0,"error":"Incoming request ended abruptly: context canceled","type":"http","dest":"https://answer-cnet-valley-martin.trycloudflare.com/dashboard?_rsc=1c2x6","time":"2026-09-24T14:31:42Z","message":"Request failed"}
{"level":"error","event":1,"connIndex":0,"originService":"http://localhost:3000","ingressRule":0,"error":"Unable to reach the origin service. The service may be down or it may not be responding to traffic from cloudflared: dial tcp [::1]:3000: connectex: No connection could be made because the target machine actively refused it.","time":"2026-09-24T14:32:15Z"}
{"level":"error","event":0,"ip":"198.41.200.63","connIndex":0,"error":"Unable to reach the origin service. The service may be down or it may not be responding to traffic from cloudflared: dial tcp [::1]:3000: connectex: No connection could be made because the target machine actively refused it.","type":"ws","dest":"https://answer-cnet-valley-martin.trycloudflare.com/_next/webpack-hmr?id=xHnqRHiloulmW2dMimURE","time":"2026-09-24T14:32:15Z","message":"Request failed"}
{"level":"error","event":1,"connIndex":0,"originService":"http://localhost:3000","ingressRule":0,"error":"Unable to reach the origin service. The service may be down or it may not be responding to traffic from cloudflared: dial tcp [::1]:3000: connectex: No connection could be made because the target machine actively refused it.","time":"2026-09-24T14:32:17Z"}
{"level":"error","event":0,"ip":"198.41.200.63","connIndex":0,"error":"Unable to reach the origin service. The service may be down or it may not be responding to traffic from cloudflared: dial tcp [::1]:3000: connectex: No connection could be made because the target machine actively refused it.","type":"ws","dest":"https://answer-cnet-valley-martin.trycloudflare.com/_next/webpack-hmr?id=xHnqRHiloulmW2dMimURE","time":"2026-09-24T14:32:17Z","message":"Request failed"}
